###############################################################################
#
# IAR ELF Linker V9.40.1.364/W64 for ARM                  25/Jun/2023  08:38:36
# Copyright 2007-2023 IAR Systems AB.
#
#    Output file  =
#        D:\STM32-Project\Project\SPI_Driver\EWARM\SPI_Driver\Exe\SPI_Driver.out
#    Map file     =
#        D:\STM32-Project\Project\SPI_Driver\EWARM\SPI_Driver\List\SPI_Driver.map
#    Command line =
#        -f
#        D:\STM32-Project\Project\SPI_Driver\EWARM\SPI_Driver\Exe\SPI_Driver.out.rsp
#        (D:\STM32-Project\Project\SPI_Driver\EWARM\SPI_Driver\Obj\Core_13247989168731456611.dir\main.o
#        D:\STM32-Project\Project\SPI_Driver\EWARM\SPI_Driver\Obj\EWARM_18443280873093131863.dir\startup_stm32f411xe.o
#        D:\STM32-Project\Project\SPI_Driver\EWARM\SPI_Driver\Obj\STM32F4xx_HAL_Driver_1244631019742807970.dir\stm32f4xx_hal.o
#        D:\STM32-Project\Project\SPI_Driver\EWARM\SPI_Driver\Obj\STM32F4xx_HAL_Driver_1244631019742807970.dir\stm32f4xx_hal_cortex.o
#        D:\STM32-Project\Project\SPI_Driver\EWARM\SPI_Driver\Obj\STM32F4xx_HAL_Driver_1244631019742807970.dir\stm32f4xx_hal_dma.o
#        D:\STM32-Project\Project\SPI_Driver\EWARM\SPI_Driver\Obj\STM32F4xx_HAL_Driver_1244631019742807970.dir\stm32f4xx_hal_dma_ex.o
#        D:\STM32-Project\Project\SPI_Driver\EWARM\SPI_Driver\Obj\STM32F4xx_HAL_Driver_1244631019742807970.dir\stm32f4xx_hal_exti.o
#        D:\STM32-Project\Project\SPI_Driver\EWARM\SPI_Driver\Obj\STM32F4xx_HAL_Driver_1244631019742807970.dir\stm32f4xx_hal_flash.o
#        D:\STM32-Project\Project\SPI_Driver\EWARM\SPI_Driver\Obj\STM32F4xx_HAL_Driver_1244631019742807970.dir\stm32f4xx_hal_flash_ex.o
#        D:\STM32-Project\Project\SPI_Driver\EWARM\SPI_Driver\Obj\STM32F4xx_HAL_Driver_1244631019742807970.dir\stm32f4xx_hal_flash_ramfunc.o
#        D:\STM32-Project\Project\SPI_Driver\EWARM\SPI_Driver\Obj\STM32F4xx_HAL_Driver_1244631019742807970.dir\stm32f4xx_hal_gpio.o
#        D:\STM32-Project\Project\SPI_Driver\EWARM\SPI_Driver\Obj\Core_13247989168731456611.dir\stm32f4xx_hal_msp.o
#        D:\STM32-Project\Project\SPI_Driver\EWARM\SPI_Driver\Obj\STM32F4xx_HAL_Driver_1244631019742807970.dir\stm32f4xx_hal_pwr.o
#        D:\STM32-Project\Project\SPI_Driver\EWARM\SPI_Driver\Obj\STM32F4xx_HAL_Driver_1244631019742807970.dir\stm32f4xx_hal_pwr_ex.o
#        D:\STM32-Project\Project\SPI_Driver\EWARM\SPI_Driver\Obj\STM32F4xx_HAL_Driver_1244631019742807970.dir\stm32f4xx_hal_rcc.o
#        D:\STM32-Project\Project\SPI_Driver\EWARM\SPI_Driver\Obj\STM32F4xx_HAL_Driver_1244631019742807970.dir\stm32f4xx_hal_rcc_ex.o
#        D:\STM32-Project\Project\SPI_Driver\EWARM\SPI_Driver\Obj\STM32F4xx_HAL_Driver_1244631019742807970.dir\stm32f4xx_hal_tim.o
#        D:\STM32-Project\Project\SPI_Driver\EWARM\SPI_Driver\Obj\STM32F4xx_HAL_Driver_1244631019742807970.dir\stm32f4xx_hal_tim_ex.o
#        D:\STM32-Project\Project\SPI_Driver\EWARM\SPI_Driver\Obj\Core_13247989168731456611.dir\stm32f4xx_it.o
#        D:\STM32-Project\Project\SPI_Driver\EWARM\SPI_Driver\Obj\CMSIS_6603591812247902717.dir\system_stm32f4xx.o
#        --no_out_extension -o
#        D:\STM32-Project\Project\SPI_Driver\EWARM\SPI_Driver\Exe\SPI_Driver.out
#        --redirect _Printf=_PrintfFullNoMb --redirect _Scanf=_ScanfFullNoMb
#        --map
#        D:\STM32-Project\Project\SPI_Driver\EWARM\SPI_Driver\List\SPI_Driver.map
#        --config
#        D:\STM32-Project\Project\SPI_Driver\EWARM/stm32f411xe_flash.icf
#        --semihosting --entry __iar_program_start --vfe --text_out locale
#        --cpu=Cortex-M4 --fpu=VFPv4_sp) --dependencies=n
#        D:\STM32-Project\Project\SPI_Driver\EWARM\SPI_Driver\Exe\SPI_Driver.out.iar_deps
#
###############################################################################

*******************************************************************************
*** RUNTIME MODEL ATTRIBUTES
***

CppFlavor       = *
__CPP_Runtime   = 1
__SystemLibrary = DLib
__dlib_version  = 6


*******************************************************************************
*** HEAP SELECTION
***

The basic heap was selected because --advanced_heap
was not specified and the application did not appear to
be primarily optimized for speed.


*******************************************************************************
*** PLACEMENT SUMMARY
***

"A0":  place at address 0x800'0000 { ro section .intvec };
"P1":  place in [from 0x800'0000 to 0x807'ffff] { ro };
define block CSTACK with size = 1K, alignment = 8 { };
define block HEAP with size = 512, alignment = 8 { };
"P2":  place in [from 0x2000'0000 to 0x2001'ffff] {
          rw, block CSTACK, block HEAP };
initialize by copy { rw };

  Section            Kind         Address   Size  Object
  -------            ----         -------   ----  ------
"A0":                                      0x198
  .intvec            ro code   0x800'0000  0x198  startup_stm32f411xe.o [3]
                             - 0x800'0198  0x198

"P1":                                      0x578
  .text              ro code   0x800'0198  0x348  main.o [2]
  .text              ro code   0x800'04e0   0x2a  copy_init3.o [7]
  .text              ro code   0x800'050c   0x28  data_init.o [7]
  .text              ro code   0x800'0534   0x22  fpinit_M.o [6]
  .iar.init_table    const     0x800'0558   0x14  - Linker created -
  .text              ro code   0x800'056c   0x1e  cmain.o [7]
  .text              ro code   0x800'058a    0x4  low_level_init.o [5]
  .text              ro code   0x800'058e    0x4  exit.o [5]
  .text              ro code   0x800'0594    0xa  cexit.o [7]
  .text              ro code   0x800'05a0   0x14  exit.o [8]
  .text              ro code   0x800'05b4   0x1c  cstartup_M.o [7]
  Initializer bytes  const     0x800'05d0   0x18  <for P2-1>
  .text              ro code   0x800'05e8   0x14  stm32f4xx_it.o [2]
  .text              ro code   0x800'05fc   0x10  stm32f4xx_hal.o [4]
  .text              ro code   0x800'060c   0x10  startup_stm32f411xe.o [3]
  .text              ro code   0x800'061c   0x10  system_stm32f4xx.o [1]
  .text              ro code   0x800'062c    0x4  startup_stm32f411xe.o [3]
  .text              ro code   0x800'0630    0x4  startup_stm32f411xe.o [3]
  .text              ro code   0x800'0634    0x4  startup_stm32f411xe.o [3]
  .text              ro code   0x800'0638    0x4  startup_stm32f411xe.o [3]
  .text              ro code   0x800'063c    0x4  startup_stm32f411xe.o [3]
  .text              ro code   0x800'0640    0x4  startup_stm32f411xe.o [3]
  .text              ro code   0x800'0644    0x4  startup_stm32f411xe.o [3]
  .text              ro code   0x800'0648    0x4  startup_stm32f411xe.o [3]
  .text              ro code   0x800'064c    0x4  startup_stm32f411xe.o [3]
  .text              ro code   0x800'0650    0x4  startup_stm32f411xe.o [3]
  .text              ro code   0x800'0654    0x4  startup_stm32f411xe.o [3]
  .text              ro code   0x800'0658    0x4  startup_stm32f411xe.o [3]
  .text              ro code   0x800'065c    0x4  startup_stm32f411xe.o [3]
  .text              ro code   0x800'0660    0x4  startup_stm32f411xe.o [3]
  .text              ro code   0x800'0664    0x4  startup_stm32f411xe.o [3]
  .text              ro code   0x800'0668    0x4  startup_stm32f411xe.o [3]
  .text              ro code   0x800'066c    0x4  startup_stm32f411xe.o [3]
  .text              ro code   0x800'0670    0x4  startup_stm32f411xe.o [3]
  .text              ro code   0x800'0674    0x4  startup_stm32f411xe.o [3]
  .text              ro code   0x800'0678    0x4  startup_stm32f411xe.o [3]
  .text              ro code   0x800'067c    0x4  startup_stm32f411xe.o [3]
  .text              ro code   0x800'0680    0x4  startup_stm32f411xe.o [3]
  .text              ro code   0x800'0684    0x4  startup_stm32f411xe.o [3]
  .text              ro code   0x800'0688    0x4  startup_stm32f411xe.o [3]
  .text              ro code   0x800'068c    0x4  startup_stm32f411xe.o [3]
  .text              ro code   0x800'0690    0x4  startup_stm32f411xe.o [3]
  .text              ro code   0x800'0694    0x4  startup_stm32f411xe.o [3]
  .text              ro code   0x800'0698    0x4  startup_stm32f411xe.o [3]
  .text              ro code   0x800'069c    0x4  startup_stm32f411xe.o [3]
  .text              ro code   0x800'06a0    0x4  startup_stm32f411xe.o [3]
  .text              ro code   0x800'06a4    0x4  startup_stm32f411xe.o [3]
  .text              ro code   0x800'06a8    0x4  startup_stm32f411xe.o [3]
  .text              ro code   0x800'06ac    0x4  startup_stm32f411xe.o [3]
  .text              ro code   0x800'06b0    0x4  startup_stm32f411xe.o [3]
  .text              ro code   0x800'06b4    0x4  startup_stm32f411xe.o [3]
  .text              ro code   0x800'06b8    0x4  startup_stm32f411xe.o [3]
  .text              ro code   0x800'06bc    0x4  startup_stm32f411xe.o [3]
  .text              ro code   0x800'06c0    0x4  startup_stm32f411xe.o [3]
  .text              ro code   0x800'06c4    0x4  startup_stm32f411xe.o [3]
  .text              ro code   0x800'06c8    0x4  startup_stm32f411xe.o [3]
  .text              ro code   0x800'06cc    0x4  startup_stm32f411xe.o [3]
  .text              ro code   0x800'06d0    0x4  startup_stm32f411xe.o [3]
  .text              ro code   0x800'06d4    0x4  startup_stm32f411xe.o [3]
  .text              ro code   0x800'06d8    0x4  startup_stm32f411xe.o [3]
  .text              ro code   0x800'06dc    0x4  startup_stm32f411xe.o [3]
  .text              ro code   0x800'06e0    0x4  startup_stm32f411xe.o [3]
  .text              ro code   0x800'06e4    0x4  startup_stm32f411xe.o [3]
  .text              ro code   0x800'06e8    0x4  startup_stm32f411xe.o [3]
  .text              ro code   0x800'06ec    0x4  startup_stm32f411xe.o [3]
  .text              ro code   0x800'06f0    0x4  startup_stm32f411xe.o [3]
  .text              ro code   0x800'06f4    0x4  startup_stm32f411xe.o [3]
  .text              ro code   0x800'06f8    0x4  startup_stm32f411xe.o [3]
  .text              ro code   0x800'06fc    0x4  startup_stm32f411xe.o [3]
  .text              ro code   0x800'0700    0x4  startup_stm32f411xe.o [3]
  .text              ro code   0x800'0704    0x4  startup_stm32f411xe.o [3]
  .text              ro code   0x800'0708    0x4  startup_stm32f411xe.o [3]
  .text              ro code   0x800'070c    0x4  startup_stm32f411xe.o [3]
  .rodata            const     0x800'0710    0x0  copy_init3.o [7]
                             - 0x800'0710  0x578

"P2", part 1 of 2:                          0x18
  P2-1                        0x2000'0000   0x18  <Init block>
    .data            inited   0x2000'0000    0xc  main.o [2]
    .data            inited   0x2000'000c    0xc  stm32f4xx_hal.o [4]
                            - 0x2000'0018   0x18

"P2", part 2 of 2:                         0x400
  CSTACK                      0x2000'0018  0x400  <Block>
    CSTACK           uninit   0x2000'0018  0x400  <Block tail>
                            - 0x2000'0418  0x400

Unused ranges:

         From           To      Size
         ----           --      ----
   0x800'0710   0x807'ffff  0x7'f8f0
  0x2000'0418  0x2001'ffff  0x1'fbe8


*******************************************************************************
*** INIT TABLE
***

          Address      Size
          -------      ----
Copy (__iar_copy_init3)
    1 source range, total size 0x18:
           0x800'05d0  0x18
    1 destination range, total size 0x18:
          0x2000'0000  0x18



*******************************************************************************
*** MODULE SUMMARY
***

    Module                 ro code  ro data  rw data
    ------                 -------  -------  -------
command line/config:
    ------------------------------------------------
    Total:

D:\STM32-Project\Project\SPI_Driver\EWARM\SPI_Driver\Obj\CMSIS_6603591812247902717.dir: [1]
    system_stm32f4xx.o          16
    ------------------------------------------------
    Total:                      16

D:\STM32-Project\Project\SPI_Driver\EWARM\SPI_Driver\Obj\Core_13247989168731456611.dir: [2]
    main.o                     840       12       12
    stm32f4xx_it.o              20
    ------------------------------------------------
    Total:                     860       12       12

D:\STM32-Project\Project\SPI_Driver\EWARM\SPI_Driver\Obj\EWARM_18443280873093131863.dir: [3]
    startup_stm32f411xe.o      652
    ------------------------------------------------
    Total:                     652

D:\STM32-Project\Project\SPI_Driver\EWARM\SPI_Driver\Obj\STM32F4xx_HAL_Driver_1244631019742807970.dir: [4]
    stm32f4xx_hal.o             16       12       12
    ------------------------------------------------
    Total:                      16       12       12

dl7M_tln.a: [5]
    exit.o                       4
    low_level_init.o             4
    ------------------------------------------------
    Total:                       8

m7M_tls.a: [6]
    fpinit_M.o                  34
    ------------------------------------------------
    Total:                      34

rt7M_tl.a: [7]
    cexit.o                     10
    cmain.o                     30
    copy_init3.o                42
    cstartup_M.o                28
    data_init.o                 40
    ------------------------------------------------
    Total:                     150

shb_l.a: [8]
    exit.o                      20
    ------------------------------------------------
    Total:                      20

    Gaps                         6        2
    Linker created                       20    1'024
----------------------------------------------------
    Grand Total:             1'762       46    1'048


*******************************************************************************
*** ENTRY LIST
***

Entry                       Address   Size  Type      Object
-----                       -------   ----  ----      ------
.iar.init_table$$Base    0x800'0558          --   Gb  - Linker created -
.iar.init_table$$Limit   0x800'056c          --   Gb  - Linker created -
?main                    0x800'056d         Code  Gb  cmain.o [7]
ADC_IRQHandler           0x800'0675         Code  Wk  startup_stm32f411xe.o [3]
BusFault_Handler         0x800'05ef    0x2  Code  Gb  stm32f4xx_it.o [2]
CSTACK$$Base            0x2000'0018          --   Gb  - Linker created -
CSTACK$$Limit           0x2000'0418          --   Gb  - Linker created -
DMA1_Stream0_IRQHandler
                         0x800'0659         Code  Wk  startup_stm32f411xe.o [3]
DMA1_Stream1_IRQHandler
                         0x800'065d         Code  Wk  startup_stm32f411xe.o [3]
DMA1_Stream2_IRQHandler
                         0x800'0661         Code  Wk  startup_stm32f411xe.o [3]
DMA1_Stream3_IRQHandler
                         0x800'0665         Code  Wk  startup_stm32f411xe.o [3]
DMA1_Stream4_IRQHandler
                         0x800'0669         Code  Wk  startup_stm32f411xe.o [3]
DMA1_Stream5_IRQHandler
                         0x800'066d         Code  Wk  startup_stm32f411xe.o [3]
DMA1_Stream6_IRQHandler
                         0x800'0671         Code  Wk  startup_stm32f411xe.o [3]
DMA1_Stream7_IRQHandler
                         0x800'06c5         Code  Wk  startup_stm32f411xe.o [3]
DMA2_Stream0_IRQHandler
                         0x800'06d5         Code  Wk  startup_stm32f411xe.o [3]
DMA2_Stream1_IRQHandler
                         0x800'06d9         Code  Wk  startup_stm32f411xe.o [3]
DMA2_Stream2_IRQHandler
                         0x800'06dd         Code  Wk  startup_stm32f411xe.o [3]
DMA2_Stream3_IRQHandler
                         0x800'06e1         Code  Wk  startup_stm32f411xe.o [3]
DMA2_Stream4_IRQHandler
                         0x800'06e5         Code  Wk  startup_stm32f411xe.o [3]
DMA2_Stream5_IRQHandler
                         0x800'06ed         Code  Wk  startup_stm32f411xe.o [3]
DMA2_Stream6_IRQHandler
                         0x800'06f1         Code  Wk  startup_stm32f411xe.o [3]
DMA2_Stream7_IRQHandler
                         0x800'06f5         Code  Wk  startup_stm32f411xe.o [3]
DebugMon_Handler         0x800'05f5    0x2  Code  Gb  stm32f4xx_it.o [2]
EXTI0_IRQHandler         0x800'0645         Code  Wk  startup_stm32f411xe.o [3]
EXTI15_10_IRQHandler     0x800'06b9         Code  Wk  startup_stm32f411xe.o [3]
EXTI1_IRQHandler         0x800'0649         Code  Wk  startup_stm32f411xe.o [3]
EXTI2_IRQHandler         0x800'064d         Code  Wk  startup_stm32f411xe.o [3]
EXTI3_IRQHandler         0x800'0651         Code  Wk  startup_stm32f411xe.o [3]
EXTI4_IRQHandler         0x800'0655         Code  Wk  startup_stm32f411xe.o [3]
EXTI9_5_IRQHandler       0x800'0679         Code  Wk  startup_stm32f411xe.o [3]
FLASH_IRQHandler         0x800'063d         Code  Wk  startup_stm32f411xe.o [3]
FPU_IRQHandler           0x800'0705         Code  Wk  startup_stm32f411xe.o [3]
GPIO_Init                0x800'0199  0x1d4  Code  Lc  main.o [2]
HAL_IncTick              0x800'05fd   0x10  Code  Wk  stm32f4xx_hal.o [4]
HardFault_Handler        0x800'05eb    0x2  Code  Gb  stm32f4xx_it.o [2]
I2C1_ER_IRQHandler       0x800'069d         Code  Wk  startup_stm32f411xe.o [3]
I2C1_EV_IRQHandler       0x800'0699         Code  Wk  startup_stm32f411xe.o [3]
I2C2_ER_IRQHandler       0x800'06a5         Code  Wk  startup_stm32f411xe.o [3]
I2C2_EV_IRQHandler       0x800'06a1         Code  Wk  startup_stm32f411xe.o [3]
I2C3_ER_IRQHandler       0x800'0701         Code  Wk  startup_stm32f411xe.o [3]
I2C3_EV_IRQHandler       0x800'06fd         Code  Wk  startup_stm32f411xe.o [3]
MemManage_Handler        0x800'05ed    0x2  Code  Gb  stm32f4xx_it.o [2]
NMI_Handler              0x800'05e9    0x2  Code  Gb  stm32f4xx_it.o [2]
OTG_FS_IRQHandler        0x800'06e9         Code  Wk  startup_stm32f411xe.o [3]
OTG_FS_WKUP_IRQHandler   0x800'06c1         Code  Wk  startup_stm32f411xe.o [3]
PVD_IRQHandler           0x800'0631         Code  Wk  startup_stm32f411xe.o [3]
PendSV_Handler           0x800'05f7    0x2  Code  Gb  stm32f4xx_it.o [2]
RCC_IRQHandler           0x800'0641         Code  Wk  startup_stm32f411xe.o [3]
RTC_Alarm_IRQHandler     0x800'06bd         Code  Wk  startup_stm32f411xe.o [3]
RTC_WKUP_IRQHandler      0x800'0639         Code  Wk  startup_stm32f411xe.o [3]
Region$$Table$$Base      0x800'0558          --   Gb  - Linker created -
Region$$Table$$Limit     0x800'056c          --   Gb  - Linker created -
Reset_Handler            0x800'060d         Code  Wk  startup_stm32f411xe.o [3]
SDIO_IRQHandler          0x800'06c9         Code  Wk  startup_stm32f411xe.o [3]
SPI1_IRQHandler          0x800'06a9         Code  Wk  startup_stm32f411xe.o [3]
SPI2_IRQHandler          0x800'06ad         Code  Wk  startup_stm32f411xe.o [3]
SPI2_Init                0x800'0459   0x34  Code  Gb  main.o [2]
SPI3_IRQHandler          0x800'06d1         Code  Wk  startup_stm32f411xe.o [3]
SPI4_IRQHandler          0x800'0709         Code  Wk  startup_stm32f411xe.o [3]
SPI5_IRQHandler          0x800'070d         Code  Wk  startup_stm32f411xe.o [3]
SPI_GPIOInit             0x800'040b   0x46  Code  Gb  main.o [2]
SPI_Init                 0x800'03a1   0x44  Code  Gb  main.o [2]
SPI_PeriClkControl       0x800'036d   0x34  Code  Gb  main.o [2]
SPI_SendData             0x800'03e5   0x26  Code  Gb  main.o [2]
SVC_Handler              0x800'05f3    0x2  Code  Gb  stm32f4xx_it.o [2]
SysTick_Handler          0x800'05f9    0x4  Code  Gb  stm32f4xx_it.o [2]
SystemInit               0x800'061d    0xc  Code  Gb  system_stm32f4xx.o [1]
TAMP_STAMP_IRQHandler    0x800'0635         Code  Wk  startup_stm32f411xe.o [3]
TIM1_BRK_TIM9_IRQHandler
                         0x800'067d         Code  Wk  startup_stm32f411xe.o [3]
TIM1_CC_IRQHandler       0x800'0689         Code  Wk  startup_stm32f411xe.o [3]
TIM1_TRG_COM_TIM11_IRQHandler
                         0x800'0685         Code  Wk  startup_stm32f411xe.o [3]
TIM1_UP_TIM10_IRQHandler
                         0x800'0681         Code  Wk  startup_stm32f411xe.o [3]
TIM2_IRQHandler          0x800'068d         Code  Wk  startup_stm32f411xe.o [3]
TIM3_IRQHandler          0x800'0691         Code  Wk  startup_stm32f411xe.o [3]
TIM4_IRQHandler          0x800'0695         Code  Wk  startup_stm32f411xe.o [3]
TIM5_IRQHandler          0x800'06cd         Code  Wk  startup_stm32f411xe.o [3]
USART1_IRQHandler        0x800'06b1         Code  Wk  startup_stm32f411xe.o [3]
USART2_IRQHandler        0x800'06b5         Code  Wk  startup_stm32f411xe.o [3]
USART6_IRQHandler        0x800'06f9         Code  Wk  startup_stm32f411xe.o [3]
UsageFault_Handler       0x800'05f1    0x2  Code  Gb  stm32f4xx_it.o [2]
WWDG_IRQHandler          0x800'062d         Code  Wk  startup_stm32f411xe.o [3]
__cmain                  0x800'056d         Code  Gb  cmain.o [7]
__exit                   0x800'05a1   0x14  Code  Gb  exit.o [8]
__iar_copy_init3         0x800'04e1   0x2a  Code  Gb  copy_init3.o [7]
__iar_data_init3         0x800'050d   0x28  Code  Gb  data_init.o [7]
__iar_init_vfp           0x800'0535         Code  Gb  fpinit_M.o [6]
__iar_program_start      0x800'05b5         Code  Gb  cstartup_M.o [7]
__low_level_init         0x800'058b    0x4  Code  Gb  low_level_init.o [5]
__vector_table           0x800'0000         Data  Gb  startup_stm32f411xe.o [3]
_call_main               0x800'0579         Code  Gb  cmain.o [7]
_exit                    0x800'0595         Code  Gb  cexit.o [7]
exit                     0x800'058f    0x4  Code  Gb  exit.o [5]
main                     0x800'048d   0x22  Code  Gb  main.o [2]
txData                  0x2000'0000    0xc  Data  Gb  main.o [2]
uwTick                  0x2000'0010    0x4  Data  Gb  stm32f4xx_hal.o [4]
uwTickFreq              0x2000'000c    0x1  Data  Gb  stm32f4xx_hal.o [4]
uwTickPrio              0x2000'0014    0x4  Data  Gb  stm32f4xx_hal.o [4]


[1] = D:\STM32-Project\Project\SPI_Driver\EWARM\SPI_Driver\Obj\CMSIS_6603591812247902717.dir
[2] = D:\STM32-Project\Project\SPI_Driver\EWARM\SPI_Driver\Obj\Core_13247989168731456611.dir
[3] = D:\STM32-Project\Project\SPI_Driver\EWARM\SPI_Driver\Obj\EWARM_18443280873093131863.dir
[4] = D:\STM32-Project\Project\SPI_Driver\EWARM\SPI_Driver\Obj\STM32F4xx_HAL_Driver_1244631019742807970.dir
[5] = dl7M_tln.a
[6] = m7M_tls.a
[7] = rt7M_tl.a
[8] = shb_l.a

  1'762 bytes of readonly  code memory
     46 bytes of readonly  data memory
  1'048 bytes of readwrite data memory

Errors: none
Warnings: none
