###############################################################################
#
# IAR ELF Linker V9.32.2.340/W64 for ARM                  12/Jun/2023  17:04:02
# Copyright 2007-2023 IAR Systems AB.
#
#    Output file  =
#        D:\STM32-Project\Project\GPIO_Driver\EWARM\GPIO_Register\Exe\GPIO_Register.out
#    Map file     =
#        D:\STM32-Project\Project\GPIO_Driver\EWARM\GPIO_Register\List\GPIO_Register.map
#    Command line =
#        -f
#        D:\STM32-Project\Project\GPIO_Driver\EWARM\GPIO_Register\Exe\GPIO_Register.out.rsp
#        (D:\STM32-Project\Project\GPIO_Driver\EWARM\GPIO_Register\Obj\Application\User\Core\main.o
#        D:\STM32-Project\Project\GPIO_Driver\EWARM\GPIO_Register\Obj\Application\EWARM\startup_stm32f411xe.o
#        D:\STM32-Project\Project\GPIO_Driver\EWARM\GPIO_Register\Obj\Drivers\STM32F4xx_HAL_Driver\stm32f4xx_hal.o
#        D:\STM32-Project\Project\GPIO_Driver\EWARM\GPIO_Register\Obj\Drivers\STM32F4xx_HAL_Driver\stm32f4xx_hal_cortex.o
#        D:\STM32-Project\Project\GPIO_Driver\EWARM\GPIO_Register\Obj\Drivers\STM32F4xx_HAL_Driver\stm32f4xx_hal_dma.o
#        D:\STM32-Project\Project\GPIO_Driver\EWARM\GPIO_Register\Obj\Drivers\STM32F4xx_HAL_Driver\stm32f4xx_hal_dma_ex.o
#        D:\STM32-Project\Project\GPIO_Driver\EWARM\GPIO_Register\Obj\Drivers\STM32F4xx_HAL_Driver\stm32f4xx_hal_exti.o
#        D:\STM32-Project\Project\GPIO_Driver\EWARM\GPIO_Register\Obj\Drivers\STM32F4xx_HAL_Driver\stm32f4xx_hal_flash.o
#        D:\STM32-Project\Project\GPIO_Driver\EWARM\GPIO_Register\Obj\Drivers\STM32F4xx_HAL_Driver\stm32f4xx_hal_flash_ex.o
#        D:\STM32-Project\Project\GPIO_Driver\EWARM\GPIO_Register\Obj\Drivers\STM32F4xx_HAL_Driver\stm32f4xx_hal_flash_ramfunc.o
#        D:\STM32-Project\Project\GPIO_Driver\EWARM\GPIO_Register\Obj\Drivers\STM32F4xx_HAL_Driver\stm32f4xx_hal_gpio.o
#        D:\STM32-Project\Project\GPIO_Driver\EWARM\GPIO_Register\Obj\Application\User\Core\stm32f4xx_hal_msp.o
#        D:\STM32-Project\Project\GPIO_Driver\EWARM\GPIO_Register\Obj\Drivers\STM32F4xx_HAL_Driver\stm32f4xx_hal_pwr.o
#        D:\STM32-Project\Project\GPIO_Driver\EWARM\GPIO_Register\Obj\Drivers\STM32F4xx_HAL_Driver\stm32f4xx_hal_pwr_ex.o
#        D:\STM32-Project\Project\GPIO_Driver\EWARM\GPIO_Register\Obj\Drivers\STM32F4xx_HAL_Driver\stm32f4xx_hal_rcc.o
#        D:\STM32-Project\Project\GPIO_Driver\EWARM\GPIO_Register\Obj\Drivers\STM32F4xx_HAL_Driver\stm32f4xx_hal_rcc_ex.o
#        D:\STM32-Project\Project\GPIO_Driver\EWARM\GPIO_Register\Obj\Drivers\STM32F4xx_HAL_Driver\stm32f4xx_hal_tim.o
#        D:\STM32-Project\Project\GPIO_Driver\EWARM\GPIO_Register\Obj\Drivers\STM32F4xx_HAL_Driver\stm32f4xx_hal_tim_ex.o
#        D:\STM32-Project\Project\GPIO_Driver\EWARM\GPIO_Register\Obj\Application\User\Core\stm32f4xx_it.o
#        D:\STM32-Project\Project\GPIO_Driver\EWARM\GPIO_Register\Obj\Drivers\CMSIS\system_stm32f4xx.o
#        --no_out_extension -o
#        D:\STM32-Project\Project\GPIO_Driver\EWARM\GPIO_Register\Exe\GPIO_Register.out
#        --redirect _Printf=_PrintfFullNoMb --redirect _Scanf=_ScanfFullNoMb
#        --map
#        D:\STM32-Project\Project\GPIO_Driver\EWARM\GPIO_Register\List\GPIO_Register.map
#        --config
#        D:\STM32-Project\Project\GPIO_Driver\EWARM/stm32f411xe_flash.icf
#        --semihosting --entry __iar_program_start --vfe --text_out locale
#        --cpu=Cortex-M4 --fpu=VFPv4_sp)
#
###############################################################################

*******************************************************************************
*** RUNTIME MODEL ATTRIBUTES
***

CppFlavor       = *
__CPP_Runtime   = 1
__SystemLibrary = DLib
__dlib_version  = 6


*******************************************************************************
*** HEAP SELECTION
***

The basic heap was selected because --advanced_heap
was not specified and the application did not appear to
be primarily optimized for speed.


*******************************************************************************
*** PLACEMENT SUMMARY
***

"A0":  place at address 0x800'0000 { ro section .intvec };
"P1":  place in [from 0x800'0000 to 0x807'ffff] { ro };
define block CSTACK with size = 1K, alignment = 8 { };
define block HEAP with size = 512, alignment = 8 { };
"P2":  place in [from 0x2000'0000 to 0x2001'ffff] {
          rw, block CSTACK, block HEAP };
initialize by copy { rw };

  Section            Kind         Address   Size  Object
  -------            ----         -------   ----  ------
"A0":                                      0x198
  .intvec            ro code   0x800'0000  0x198  startup_stm32f411xe.o [1]
                             - 0x800'0198  0x198

"P1":                                      0x508
  .text              ro code   0x800'0198  0x2e8  main.o [2]
  .text              ro code   0x800'0480   0x2a  copy_init3.o [7]
  .text              ro code   0x800'04ac   0x28  data_init.o [7]
  .text              ro code   0x800'04d4   0x22  fpinit_M.o [6]
  .iar.init_table    const     0x800'04f8   0x14  - Linker created -
  .text              ro code   0x800'050c   0x1e  cmain.o [7]
  .text              ro code   0x800'052a    0x4  low_level_init.o [5]
  .text              ro code   0x800'052e    0x4  exit.o [5]
  .text              ro code   0x800'0534    0xa  cexit.o [7]
  .text              ro code   0x800'0540   0x14  exit.o [8]
  .text              ro code   0x800'0554   0x1c  cstartup_M.o [7]
  .text              ro code   0x800'0570   0x14  stm32f4xx_it.o [2]
  .text              ro code   0x800'0584   0x10  stm32f4xx_hal.o [4]
  .text              ro code   0x800'0594   0x10  startup_stm32f411xe.o [1]
  .text              ro code   0x800'05a4   0x10  system_stm32f4xx.o [3]
  Initializer bytes  const     0x800'05b4    0xc  <for P2-1>
  .text              ro code   0x800'05c0    0x4  startup_stm32f411xe.o [1]
  .text              ro code   0x800'05c4    0x4  startup_stm32f411xe.o [1]
  .text              ro code   0x800'05c8    0x4  startup_stm32f411xe.o [1]
  .text              ro code   0x800'05cc    0x4  startup_stm32f411xe.o [1]
  .text              ro code   0x800'05d0    0x4  startup_stm32f411xe.o [1]
  .text              ro code   0x800'05d4    0x4  startup_stm32f411xe.o [1]
  .text              ro code   0x800'05d8    0x4  startup_stm32f411xe.o [1]
  .text              ro code   0x800'05dc    0x4  startup_stm32f411xe.o [1]
  .text              ro code   0x800'05e0    0x4  startup_stm32f411xe.o [1]
  .text              ro code   0x800'05e4    0x4  startup_stm32f411xe.o [1]
  .text              ro code   0x800'05e8    0x4  startup_stm32f411xe.o [1]
  .text              ro code   0x800'05ec    0x4  startup_stm32f411xe.o [1]
  .text              ro code   0x800'05f0    0x4  startup_stm32f411xe.o [1]
  .text              ro code   0x800'05f4    0x4  startup_stm32f411xe.o [1]
  .text              ro code   0x800'05f8    0x4  startup_stm32f411xe.o [1]
  .text              ro code   0x800'05fc    0x4  startup_stm32f411xe.o [1]
  .text              ro code   0x800'0600    0x4  startup_stm32f411xe.o [1]
  .text              ro code   0x800'0604    0x4  startup_stm32f411xe.o [1]
  .text              ro code   0x800'0608    0x4  startup_stm32f411xe.o [1]
  .text              ro code   0x800'060c    0x4  startup_stm32f411xe.o [1]
  .text              ro code   0x800'0610    0x4  startup_stm32f411xe.o [1]
  .text              ro code   0x800'0614    0x4  startup_stm32f411xe.o [1]
  .text              ro code   0x800'0618    0x4  startup_stm32f411xe.o [1]
  .text              ro code   0x800'061c    0x4  startup_stm32f411xe.o [1]
  .text              ro code   0x800'0620    0x4  startup_stm32f411xe.o [1]
  .text              ro code   0x800'0624    0x4  startup_stm32f411xe.o [1]
  .text              ro code   0x800'0628    0x4  startup_stm32f411xe.o [1]
  .text              ro code   0x800'062c    0x4  startup_stm32f411xe.o [1]
  .text              ro code   0x800'0630    0x4  startup_stm32f411xe.o [1]
  .text              ro code   0x800'0634    0x4  startup_stm32f411xe.o [1]
  .text              ro code   0x800'0638    0x4  startup_stm32f411xe.o [1]
  .text              ro code   0x800'063c    0x4  startup_stm32f411xe.o [1]
  .text              ro code   0x800'0640    0x4  startup_stm32f411xe.o [1]
  .text              ro code   0x800'0644    0x4  startup_stm32f411xe.o [1]
  .text              ro code   0x800'0648    0x4  startup_stm32f411xe.o [1]
  .text              ro code   0x800'064c    0x4  startup_stm32f411xe.o [1]
  .text              ro code   0x800'0650    0x4  startup_stm32f411xe.o [1]
  .text              ro code   0x800'0654    0x4  startup_stm32f411xe.o [1]
  .text              ro code   0x800'0658    0x4  startup_stm32f411xe.o [1]
  .text              ro code   0x800'065c    0x4  startup_stm32f411xe.o [1]
  .text              ro code   0x800'0660    0x4  startup_stm32f411xe.o [1]
  .text              ro code   0x800'0664    0x4  startup_stm32f411xe.o [1]
  .text              ro code   0x800'0668    0x4  startup_stm32f411xe.o [1]
  .text              ro code   0x800'066c    0x4  startup_stm32f411xe.o [1]
  .text              ro code   0x800'0670    0x4  startup_stm32f411xe.o [1]
  .text              ro code   0x800'0674    0x4  startup_stm32f411xe.o [1]
  .text              ro code   0x800'0678    0x4  startup_stm32f411xe.o [1]
  .text              ro code   0x800'067c    0x4  startup_stm32f411xe.o [1]
  .text              ro code   0x800'0680    0x4  startup_stm32f411xe.o [1]
  .text              ro code   0x800'0684    0x4  startup_stm32f411xe.o [1]
  .text              ro code   0x800'0688    0x4  startup_stm32f411xe.o [1]
  .text              ro code   0x800'068c    0x4  startup_stm32f411xe.o [1]
  .text              ro code   0x800'0690    0x4  startup_stm32f411xe.o [1]
  .text              ro code   0x800'0694    0x4  startup_stm32f411xe.o [1]
  .text              ro code   0x800'0698    0x4  startup_stm32f411xe.o [1]
  .text              ro code   0x800'069c    0x4  startup_stm32f411xe.o [1]
  .rodata            const     0x800'06a0    0x0  copy_init3.o [7]
                             - 0x800'06a0  0x508

"P2", part 1 of 2:                           0xc
  P2-1                        0x2000'0000    0xc  <Init block>
    .data            inited   0x2000'0000    0xc  stm32f4xx_hal.o [4]
                            - 0x2000'000c    0xc

"P2", part 2 of 2:                         0x400
  CSTACK                      0x2000'0010  0x400  <Block>
    CSTACK           uninit   0x2000'0010  0x400  <Block tail>
                            - 0x2000'0410  0x400

Unused ranges:

         From           To      Size
         ----           --      ----
   0x800'06a0   0x807'ffff  0x7'f960
  0x2000'000c  0x2000'000f       0x4
  0x2000'0410  0x2001'ffff  0x1'fbf0


*******************************************************************************
*** INIT TABLE
***

          Address      Size
          -------      ----
Copy (__iar_copy_init3)
    1 source range, total size 0xc:
           0x800'05b4   0xc
    1 destination range, total size 0xc:
          0x2000'0000   0xc



*******************************************************************************
*** MODULE SUMMARY
***

    Module                 ro code  ro data  rw data
    ------                 -------  -------  -------
command line/config:
    ------------------------------------------------
    Total:

D:\STM32-Project\Project\GPIO_Driver\EWARM\GPIO_Register\Obj\Application\EWARM: [1]
    startup_stm32f411xe.o      648
    ------------------------------------------------
    Total:                     648

D:\STM32-Project\Project\GPIO_Driver\EWARM\GPIO_Register\Obj\Application\User\Core: [2]
    main.o                     744
    stm32f4xx_it.o              20
    ------------------------------------------------
    Total:                     764

D:\STM32-Project\Project\GPIO_Driver\EWARM\GPIO_Register\Obj\Drivers\CMSIS: [3]
    system_stm32f4xx.o          16
    ------------------------------------------------
    Total:                      16

D:\STM32-Project\Project\GPIO_Driver\EWARM\GPIO_Register\Obj\Drivers\STM32F4xx_HAL_Driver: [4]
    stm32f4xx_hal.o             16       12       12
    ------------------------------------------------
    Total:                      16       12       12

dl7M_tln.a: [5]
    exit.o                       4
    low_level_init.o             4
    ------------------------------------------------
    Total:                       8

m7M_tls.a: [6]
    fpinit_M.o                  34
    ------------------------------------------------
    Total:                      34

rt7M_tl.a: [7]
    cexit.o                     10
    cmain.o                     30
    copy_init3.o                42
    cstartup_M.o                28
    data_init.o                 40
    ------------------------------------------------
    Total:                     150

shb_l.a: [8]
    exit.o                      20
    ------------------------------------------------
    Total:                      20

    Gaps                         6        2
    Linker created                       20    1'024
----------------------------------------------------
    Grand Total:             1'662       34    1'036


*******************************************************************************
*** ENTRY LIST
***

Entry                       Address   Size  Type      Object
-----                       -------   ----  ----      ------
.iar.init_table$$Base    0x800'04f8          --   Gb  - Linker created -
.iar.init_table$$Limit   0x800'050c          --   Gb  - Linker created -
?main                    0x800'050d         Code  Gb  cmain.o [7]
ADC_IRQHandler           0x800'0605         Code  Wk  startup_stm32f411xe.o [1]
BusFault_Handler         0x800'0577    0x2  Code  Gb  stm32f4xx_it.o [2]
CSTACK$$Base            0x2000'0010          --   Gb  - Linker created -
CSTACK$$Limit           0x2000'0410          --   Gb  - Linker created -
DMA1_Stream0_IRQHandler
                         0x800'05e9         Code  Wk  startup_stm32f411xe.o [1]
DMA1_Stream1_IRQHandler
                         0x800'05ed         Code  Wk  startup_stm32f411xe.o [1]
DMA1_Stream2_IRQHandler
                         0x800'05f1         Code  Wk  startup_stm32f411xe.o [1]
DMA1_Stream3_IRQHandler
                         0x800'05f5         Code  Wk  startup_stm32f411xe.o [1]
DMA1_Stream4_IRQHandler
                         0x800'05f9         Code  Wk  startup_stm32f411xe.o [1]
DMA1_Stream5_IRQHandler
                         0x800'05fd         Code  Wk  startup_stm32f411xe.o [1]
DMA1_Stream6_IRQHandler
                         0x800'0601         Code  Wk  startup_stm32f411xe.o [1]
DMA1_Stream7_IRQHandler
                         0x800'0655         Code  Wk  startup_stm32f411xe.o [1]
DMA2_Stream0_IRQHandler
                         0x800'0665         Code  Wk  startup_stm32f411xe.o [1]
DMA2_Stream1_IRQHandler
                         0x800'0669         Code  Wk  startup_stm32f411xe.o [1]
DMA2_Stream2_IRQHandler
                         0x800'066d         Code  Wk  startup_stm32f411xe.o [1]
DMA2_Stream3_IRQHandler
                         0x800'0671         Code  Wk  startup_stm32f411xe.o [1]
DMA2_Stream4_IRQHandler
                         0x800'0675         Code  Wk  startup_stm32f411xe.o [1]
DMA2_Stream5_IRQHandler
                         0x800'067d         Code  Wk  startup_stm32f411xe.o [1]
DMA2_Stream6_IRQHandler
                         0x800'0681         Code  Wk  startup_stm32f411xe.o [1]
DMA2_Stream7_IRQHandler
                         0x800'0685         Code  Wk  startup_stm32f411xe.o [1]
DebugMon_Handler         0x800'057d    0x2  Code  Gb  stm32f4xx_it.o [2]
EXTI0_IRQHandler         0x800'0437   0x14  Code  Gb  main.o [2]
EXTI15_10_IRQHandler     0x800'0649         Code  Wk  startup_stm32f411xe.o [1]
EXTI1_IRQHandler         0x800'05d9         Code  Wk  startup_stm32f411xe.o [1]
EXTI2_IRQHandler         0x800'05dd         Code  Wk  startup_stm32f411xe.o [1]
EXTI3_IRQHandler         0x800'05e1         Code  Wk  startup_stm32f411xe.o [1]
EXTI4_IRQHandler         0x800'05e5         Code  Wk  startup_stm32f411xe.o [1]
EXTI9_5_IRQHandler       0x800'0609         Code  Wk  startup_stm32f411xe.o [1]
FLASH_IRQHandler         0x800'05d1         Code  Wk  startup_stm32f411xe.o [1]
FPU_IRQHandler           0x800'0695         Code  Wk  startup_stm32f411xe.o [1]
GPIO_Handling            0x800'0319   0x1c  Code  Gb  main.o [2]
GPIO_IQRPriorityConfig   0x800'02f5   0x24  Code  Gb  main.o [2]
GPIO_Init                0x800'0199  0x142  Code  Lc  main.o [2]
HAL_IncTick              0x800'0585   0x10  Code  Wk  stm32f4xx_hal.o [4]
HardFault_Handler        0x800'0573    0x2  Code  Gb  stm32f4xx_it.o [2]
I2C1_ER_IRQHandler       0x800'062d         Code  Wk  startup_stm32f411xe.o [1]
I2C1_EV_IRQHandler       0x800'0629         Code  Wk  startup_stm32f411xe.o [1]
I2C2_ER_IRQHandler       0x800'0635         Code  Wk  startup_stm32f411xe.o [1]
I2C2_EV_IRQHandler       0x800'0631         Code  Wk  startup_stm32f411xe.o [1]
I2C3_ER_IRQHandler       0x800'0691         Code  Wk  startup_stm32f411xe.o [1]
I2C3_EV_IRQHandler       0x800'068d         Code  Wk  startup_stm32f411xe.o [1]
MemManage_Handler        0x800'0575    0x2  Code  Gb  stm32f4xx_it.o [2]
NMI_Handler              0x800'0571    0x2  Code  Gb  stm32f4xx_it.o [2]
OTG_FS_IRQHandler        0x800'0679         Code  Wk  startup_stm32f411xe.o [1]
OTG_FS_WKUP_IRQHandler   0x800'0651         Code  Wk  startup_stm32f411xe.o [1]
PVD_IRQHandler           0x800'05c5         Code  Wk  startup_stm32f411xe.o [1]
PendSV_Handler           0x800'057f    0x2  Code  Gb  stm32f4xx_it.o [2]
RCC_IRQHandler           0x800'05d5         Code  Wk  startup_stm32f411xe.o [1]
RTC_Alarm_IRQHandler     0x800'064d         Code  Wk  startup_stm32f411xe.o [1]
RTC_WKUP_IRQHandler      0x800'05cd         Code  Wk  startup_stm32f411xe.o [1]
Region$$Table$$Base      0x800'04f8          --   Gb  - Linker created -
Region$$Table$$Limit     0x800'050c          --   Gb  - Linker created -
Reset_Handler            0x800'0595         Code  Wk  startup_stm32f411xe.o [1]
SDIO_IRQHandler          0x800'0659         Code  Wk  startup_stm32f411xe.o [1]
SPI1_IRQHandler          0x800'0639         Code  Wk  startup_stm32f411xe.o [1]
SPI2_IRQHandler          0x800'063d         Code  Wk  startup_stm32f411xe.o [1]
SPI3_IRQHandler          0x800'0661         Code  Wk  startup_stm32f411xe.o [1]
SPI4_IRQHandler          0x800'0699         Code  Wk  startup_stm32f411xe.o [1]
SPI5_IRQHandler          0x800'069d         Code  Wk  startup_stm32f411xe.o [1]
SVC_Handler              0x800'057b    0x2  Code  Gb  stm32f4xx_it.o [2]
SysTick_Handler          0x800'0581    0x4  Code  Gb  stm32f4xx_it.o [2]
SystemInit               0x800'05a5    0xc  Code  Gb  system_stm32f4xx.o [3]
TAMP_STAMP_IRQHandler    0x800'05c9         Code  Wk  startup_stm32f411xe.o [1]
TIM1_BRK_TIM9_IRQHandler
                         0x800'060d         Code  Wk  startup_stm32f411xe.o [1]
TIM1_CC_IRQHandler       0x800'0619         Code  Wk  startup_stm32f411xe.o [1]
TIM1_TRG_COM_TIM11_IRQHandler
                         0x800'0615         Code  Wk  startup_stm32f411xe.o [1]
TIM1_UP_TIM10_IRQHandler
                         0x800'0611         Code  Wk  startup_stm32f411xe.o [1]
TIM2_IRQHandler          0x800'061d         Code  Wk  startup_stm32f411xe.o [1]
TIM3_IRQHandler          0x800'0621         Code  Wk  startup_stm32f411xe.o [1]
TIM4_IRQHandler          0x800'0625         Code  Wk  startup_stm32f411xe.o [1]
TIM5_IRQHandler          0x800'065d         Code  Wk  startup_stm32f411xe.o [1]
USART1_IRQHandler        0x800'0641         Code  Wk  startup_stm32f411xe.o [1]
USART2_IRQHandler        0x800'0645         Code  Wk  startup_stm32f411xe.o [1]
USART6_IRQHandler        0x800'0689         Code  Wk  startup_stm32f411xe.o [1]
UsageFault_Handler       0x800'0579    0x2  Code  Gb  stm32f4xx_it.o [2]
WWDG_IRQHandler          0x800'05c1         Code  Wk  startup_stm32f411xe.o [1]
__cmain                  0x800'050d         Code  Gb  cmain.o [7]
__exit                   0x800'0541   0x14  Code  Gb  exit.o [8]
__iar_copy_init3         0x800'0481   0x2a  Code  Gb  copy_init3.o [7]
__iar_data_init3         0x800'04ad   0x28  Code  Gb  data_init.o [7]
__iar_init_vfp           0x800'04d5         Code  Gb  fpinit_M.o [6]
__iar_program_start      0x800'0555         Code  Gb  cstartup_M.o [7]
__low_level_init         0x800'052b    0x4  Code  Gb  low_level_init.o [5]
__vector_table           0x800'0000         Data  Gb  startup_stm32f411xe.o [1]
_call_main               0x800'0519         Code  Gb  cmain.o [7]
_exit                    0x800'0535         Code  Gb  cexit.o [7]
delay                    0x800'0335    0xc  Code  Gb  main.o [2]
exit                     0x800'052f    0x4  Code  Gb  exit.o [5]
main                     0x800'0341   0xf6  Code  Gb  main.o [2]
uwTick                  0x2000'0004    0x4  Data  Gb  stm32f4xx_hal.o [4]
uwTickFreq              0x2000'0000    0x1  Data  Gb  stm32f4xx_hal.o [4]
uwTickPrio              0x2000'0008    0x4  Data  Gb  stm32f4xx_hal.o [4]


[1] = D:\STM32-Project\Project\GPIO_Driver\EWARM\GPIO_Register\Obj\Application\EWARM
[2] = D:\STM32-Project\Project\GPIO_Driver\EWARM\GPIO_Register\Obj\Application\User\Core
[3] = D:\STM32-Project\Project\GPIO_Driver\EWARM\GPIO_Register\Obj\Drivers\CMSIS
[4] = D:\STM32-Project\Project\GPIO_Driver\EWARM\GPIO_Register\Obj\Drivers\STM32F4xx_HAL_Driver
[5] = dl7M_tln.a
[6] = m7M_tls.a
[7] = rt7M_tl.a
[8] = shb_l.a

  1'662 bytes of readonly  code memory
     34 bytes of readonly  data memory
  1'036 bytes of readwrite data memory

Errors: none
Warnings: none
